procs -----------memory---------- ---swap-- -----io---- -system-- ------cpu----- -----timestamp-----
 r  b   swpd   free   buff  cache   si   so    bi    bo   in   cs us sy id wa st                 UTC
 3  0 420608 2141872  35976 1444032    1    2   208   249   33   19  2  1 97  0  0 2026-08-16 14:09:35
 1  0 420608 1925668  36412 1672876   36    0 22956    53 1728  587 43  8 48  2  0 2026-08-16 14:09:45
 1  0 420608 1534952  36420 1870848    0    0 19796     3 1762  548 44  9 46  2  0 2026-08-16 14:09:55
 1  0 420608 107164  33304 1348332    0    3  8282   129 2384  819 46 31 22  1  0 2026-08-16 14:10:05
 1  0 420608 2088736  32280 1551396    0    0 23289     3 2002  966 43  8 48  2  0 2026-08-16 14:10:15
 1  0 420608 1872016  32288 1771788    0    0 22036     2 1726  531 43  6 49  2  0 2026-08-16 14:10:25
 1  0 420608 1658068  32296 1982408    0    0 21062    48 1682  493 43  6 49  2  0 2026-08-16 14:10:35
 1  0 420608 1432496  32300 2203524    0    0 22118     2 1751  580 43  6 49  2  0 2026-08-16 14:10:45
 1  0 420608 1205224  32304 2432208   20    0 22890     2 1728  598 43  6 49  2  0 2026-08-16 14:10:55
 1  0 420608 986888  32320 2659088    1    0 22682    46 1769  646 44  6 49  2  0 2026-08-16 14:11:05
 2  0 420608 763640  32320 2879220    0    0 22015     7 1718  519 44  5 49  1  0 2026-08-16 14:11:15
 2  0 420608 547424  32320 3096632    0    0 21749     2 1704  507 44  5 49  1  0 2026-08-16 14:11:25
 1  0 420608 316088  32324 3323344    0    0 22672     2 1731  559 44  6 49  1  0 2026-08-16 14:11:35
 1  0 420608 137924  32328 3506580    0    0 18321     2 1331  430 39  4 56  1  0 2026-08-16 14:11:45
 2  0 439808 148184  31336 3529248    0 2750 11974  2752 1655  437 30  5 61  5  0 2026-08-16 14:11:55
 1  0 474112 127064  30424 3584152    4 4004 11470  4006 1939  341 30  4 61  4  0 2026-08-16 14:12:05
 1  0 474112 120032  30032 3588560   18    0 11350     4  888  311 30  4 65  1  0 2026-08-16 14:12:15
 1  0 473856 116612  29012 3592292   12    0 11206     2  879  326 29  5 65  1  0 2026-08-16 14:12:25
 1  0 473856 163740  27464 3556728   38    3 12084    17  873  314 30  3 65  1  0 2026-08-16 14:12:35
 1  0 473600 138824  26456 3573220   33    0 12455     4  898  312 32  2 65  1  0 2026-08-16 14:12:45
 1  0 473600 121904  25436 3593884   24    0 12870     2  922  357 31  2 65  2  0 2026-08-16 14:12:55
procs -----------memory---------- ---swap-- -----io---- -system-- ------cpu----- -----timestamp-----
 r  b   swpd   free   buff  cache   si   so    bi    bo   in   cs us sy id wa st                 UTC
 0  1 473600 152168  23904 3565140   27    0 13270     2  896  333 32  2 64  1  0 2026-08-16 14:13:05
 1  0 473344 126192  22892 3594792   29    0 13780     2  893  348 31  2 65  1  0 2026-08-16 14:13:15
 1  0 473344 140748  21360 3576684   26    0 14340     2  945  397 32  2 65  1  0 2026-08-16 14:13:25
 1  0 473344 104460  20352 3610140   23    0 14165    24  904  363 32  2 65  1  0 2026-08-16 14:13:35
 1  1 473344 133076  19584 3589052   22    0 14032     2  897  330 31  2 65  1  0 2026-08-16 14:13:45
 1  0 473088 104680  19076 3617460   37    0 13678     2  928  344 32  2 65  1  0 2026-08-16 14:13:55
 1  0 473088 133664  18312 3593968   10    0 13840     2  939  348 31  2 65  2  0 2026-08-16 14:14:05
 1  0 473088 157504  17548 3571104   28    0 13930     2  908  351 31  3 65  1  0 2026-08-16 14:14:15
 1  0 472832 122308  17044 3602916   24    0 14036     2  890  342 31  2 65  1  0 2026-08-16 14:14:25
 1  0 472832 108188  16536 3624696   29    0 13011     2  881  339 31  2 65  1  0 2026-08-16 14:14:35
 1  0 472832 123540  15776 3603904   15    0 14110     2  900  358 32  2 65  1  0 2026-08-16 14:14:45
 1  0 472576 151540  15012 3581428   31    0 13964     2  904  356 31  2 65  1  0 2026-08-16 14:14:55
 1  0 472576 119724  14504 3610868   27    0 13798     2  920  328 31  2 65  1  0 2026-08-16 14:15:05
 1  0 472576 133732  13740 3591164   16    0 14292     2  918  314 31  2 65  1  0 2026-08-16 14:15:15
 1  0 472320 151244  12976 3575108   30    0 14644     2  924  378 32  2 65  1  0 2026-08-16 14:15:25
 1  0 472320 112436  12468 3611900   26    0 14524     2  918  386 32  2 65  1  0 2026-08-16 14:15:35
 1  0 472064 133356  11748 3586444   32    0 13680     5  903  325 32  2 64  1  0 2026-08-16 14:15:45
 1  0 472064 110552  11244 3618608   26    0 14058     6  929  381 32  2 65  1  0 2026-08-16 14:15:55
 1  0 472064 143692  10484 3592496   28    0 13638     2  912  350 32  2 65  1  0 2026-08-16 14:16:05
 1  0 472064 105876   9980 3624224   19    0 13999    15  930  350 31  2 64  2  0 2026-08-16 14:16:15
 2  0 472064 130840   9220 3601900   22    0 14026     2  912  311 32  2 65  1  0 2026-08-16 14:16:25
procs -----------memory---------- ---swap-- -----io---- -system-- ------cpu----- -----timestamp-----
 r  b   swpd   free   buff  cache   si   so    bi    bo   in   cs us sy id wa st                 UTC
 1  0 472064 156112   8460 3580884   44    0 14156     3  921  354 31  2 65  1  0 2026-08-16 14:16:35
 1  0 472064 121284   7956 3614168   15    0 14149     2  900  354 31  2 65  1  0 2026-08-16 14:16:45
 1  0 471808 141744   7252 3592632   40    0 14134     2  896  339 32  2 65  1  0 2026-08-16 14:16:55
 0  1 471808 152796   6596 3575356   30    0 14535     2  908  369 32  2 65  1  0 2026-08-16 14:17:05
 1  0 471808 117792   6604 3609732   17    0 14297    20  893  335 32  2 65  1  0 2026-08-16 14:17:15
 1  0 471552 138392   6612 3591036   26    0 14415     2  891  335 31  2 65  1  0 2026-08-16 14:17:25
 1  0 471552 156028   6620 3572332   34    0 14397     2  884  333 32  2 65  1  0 2026-08-16 14:17:35
 1  0 471552 124092   6628 3607400   23    0 14339     2  884  326 31  2 65  2  0 2026-08-16 14:17:45
 1  0 471552 139424   6636 3587704   20    0 14331     2  894  354 32  2 65  1  0 2026-08-16 14:17:55
 1  0 471552 103148   6644 3621588    6    0 14203    16  894  360 32  2 65  1  0 2026-08-16 14:18:05
 1  0 471040 134920   6660 3599528   26    0 14059     8  874  311 32  2 65  1  0 2026-08-16 14:18:15
 3  0 471040 114324   6672 3620832   36    0 14195     3  875  316 32  2 65  1  0 2026-08-16 14:18:25
 1  0 471040 115936   6680 3615212   24    0 14496    14  900  349 31  2 65  1  0 2026-08-16 14:18:35
 1  0 471040 142884   6688 3594172   27    0 14150     2  882  309 31  2 65  1  0 2026-08-16 14:18:45
 1  0 471040 157148   6696 3569640  140    0 13876     2  988  385 31  2 64  2  0 2026-08-16 14:18:55
 1  0 470784 128868   6704 3597436   27    0 13610     2  922  320 32  2 64  1  0 2026-08-16 14:19:05
 1  0 470784 157744   6712 3567572    4    0 13225     2  922  337 32  2 65  1  0 2026-08-16 14:19:15
 1  0 470784 145260   6720 3584852    6    0 12534     2  902  336 32  2 65  1  0 2026-08-16 14:19:25
 1  0 470528 137968   6728 3595980    6    0 11928     2  839  286 32  2 65  1  0 2026-08-16 14:19:35
 1  0 470528 148728   6736 3583864    0    0  9599     2  828  290 31  2 65  2  0 2026-08-16 14:19:45
 1  0 470528 143436   6744 3589888   12    0   614     2  744  275 33  1 66  0  0 2026-08-16 14:19:55
procs -----------memory---------- ---swap-- -----io---- -system-- ------cpu----- -----timestamp-----
 r  b   swpd   free   buff  cache   si   so    bi    bo   in   cs us sy id wa st                 UTC
 1  0 470528 137892   6752 3595676    0    0   579     2  730  262 33  1 66  0  0 2026-08-16 14:20:05
 1  0 470528 1027192   6760 2665172    8    0  3333     2 1271  662 40 23 36  1  0 2026-08-16 14:20:15
 1  0 470528 921840   6768 2778016    8    0 11302     2  841  294 30  4 65  1  0 2026-08-16 14:20:25
 1  0 470528 909492   6784 2792700   17    0  1486    18  775  310 32  1 66  1  0 2026-08-16 14:20:35
 1  0 470272 901680   6800 2800808    5    0   806     4  748  295 32  1 66  1  0 2026-08-16 14:20:45
 1  0 470272 895380   6808 2807112    2    0   632     2  752  318 32  1 66  0  0 2026-08-16 14:20:55
 1  0 470272 889840   6816 2816268    3    0   912     2  778  356 33  1 65  1  0 2026-08-16 14:21:05
 1  0 470272 888076   6832 2819116   19    0   304    42  741  290 33  1 66  0  0 2026-08-16 14:21:15
 1  0 470272 887068   6840 2822856    9    0   383     4  755  310 33  1 66  0  0 2026-08-16 14:21:25
 1  0 470272 884044   6848 2825984    5    0   324     2  731  275 33  1 66  0  0 2026-08-16 14:21:35
 1  0 470016 874720   6856 2834680   10    0   874     3  725  261 32  1 66  0  0 2026-08-16 14:21:45
 1  0 470016 871220   6864 2838272    8    0   367     3  741  292 33  1 66  0  0 2026-08-16 14:21:55
 1  0 470016 866936   6872 2841984    2    0   375     2  751  304 33  1 65  0  0 2026-08-16 14:22:05
 1  0 470016 864416   6880 2845172    0    0   317     2  739  291 33  1 66  0  0 2026-08-16 14:22:15
 2  0 470016 859376   6888 2848948    3    0   383     2  726  262 32  1 66  0  0 2026-08-16 14:22:25
 1  0 470016 802424   6896 2902512    4    0  5362     2  832  354 31  2 66  1  0 2026-08-16 14:22:35
 1  0 470016 730196   6904 2975344    2    0  7283     2  828  287 31  2 65  1  0 2026-08-16 14:22:45
 1  0 470016 655352   6912 3050792    4    0  7554     4  818  314 31  3 66  1  0 2026-08-16 14:22:55
 1  0 470016 566396   6920 3150436    0    0  9961     2  868  334 31  3 65  1  0 2026-08-16 14:23:05
 1  0 470016 469124   6928 3250904    0    0 10051    14  850  306 30  3 66  1  0 2026-08-16 14:23:15
 1  0 470016 382688   6936 3333556    0    0  8260     4  815  292 30  3 66  1  0 2026-08-16 14:23:25
procs -----------memory---------- ---swap-- -----io---- -system-- ------cpu----- -----timestamp-----
 r  b   swpd   free   buff  cache   si   so    bi    bo   in   cs us sy id wa st                 UTC
 1  0 470016 290204   6944 3430252    2    0  9672     2  847  315 30  3 66  1  0 2026-08-16 14:23:35
 1  0 470016 184112   6952 3537520    0    0 10725     2  854  294 31  2 65  1  0 2026-08-16 14:23:45
 1  0 470016 136644   6960 3585908    0    0  9994     2  864  339 32  2 65  1  0 2026-08-16 14:23:55
 1  0 470016 145884   6968 3588572    0    0 10610     2  877  341 32  2 65  1  0 2026-08-16 14:24:05
 3  0 470016 131904   6976 3597216    0    0 11416     2  908  364 32  2 65  1  0 2026-08-16 14:24:15
 1  0 470016 132108   6984 3601056    0    0 11246     2  867  315 32  2 65  1  0 2026-08-16 14:24:25
 1  0 470016 136908   6992 3591012    0    0  9782     2  851  311 32  2 65  1  0 2026-08-16 14:24:35
 1  0 470016 134392   7000 3596840    6    0 11391     2  888  319 31  2 65  2  0 2026-08-16 14:24:45
 1  0 470016 130940   7008 3604088    0    0 11532     2  917  373 32  2 65  1  0 2026-08-16 14:24:55
 1  0 470016 112492   7016 3619248    0    0 12328     2  895  329 32  2 65  1  0 2026-08-16 14:25:05
 1  0 470016 139716   7024 3579872    0    0 12324     2  912  365 32  2 64  2  0 2026-08-16 14:25:15
 1  0 470016 130996   7032 3594152    0    0 12203     4  914  346 32  2 65  1  0 2026-08-16 14:25:25
 1  0 470016 104844   7040 3620152    0    0 13221     2  896  345 32  2 65  1  0 2026-08-16 14:25:35
 1  0 470016 146172   7048 3583940    0    0 12354    14  861  307 32  2 65  1  0 2026-08-16 14:25:45
 1  0 470016 119076   7056 3610164    0    0 13222     4  905  363 32  2 65  1  0 2026-08-16 14:25:55
 1  0 470016 146608   7064 3586268    0    0 13511     2  913  373 32  2 65  1  0 2026-08-16 14:26:05
 1  0 470016 126448   7072 3605516    0    0 12517     2  914  358 32  2 65  2  0 2026-08-16 14:26:15
 1  0 470016 109060   7080 3623528    0    0 12452     2  876  297 32  2 65  1  0 2026-08-16 14:26:25
 2  0 470016 144632   7088 3587676    0    0 12370     2  894  337 31  2 65  1  0 2026-08-16 14:26:35
 1  0 470016 121544   7096 3605708    2    0 12404     2  884  332 31  2 65  1  0 2026-08-16 14:26:45
 1  0 470016 153712   7104 3576648    0    0 13065     2  927  350 32  2 64  1  0 2026-08-16 14:26:55
procs -----------memory---------- ---swap-- -----io---- -system-- ------cpu----- -----timestamp-----
 r  b   swpd   free   buff  cache   si   so    bi    bo   in   cs us sy id wa st                 UTC
 1  0 470016 130460   7112 3598284    0    0 12786     2  907  335 32  2 65  1  0 2026-08-16 14:27:05
 1  0 470016 105564   7120 3623716    0    0 13167     2  890  332 31  2 65  1  0 2026-08-16 14:27:15
 1  0 470016 136496   7128 3593572    0    0 12960     2  890  334 32  2 65  1  0 2026-08-16 14:27:25
 1  0 470016 105932   7136 3618776    0    0 13125     2  888  315 32  2 65  1  0 2026-08-16 14:27:35
 0  1 470016 135296   7144 3596452    0    0 13690     3  894  354 31  2 65  2  0 2026-08-16 14:27:45
 1  0 470016 105308   7152 3623856    0    0 13387     3  889  339 31  2 65  2  0 2026-08-16 14:27:55
 1  0 470016 135728   7160 3597020    0    0 13263     2  910  355 32  2 64  1  0 2026-08-16 14:28:05
 1  0 470016 157072   7168 3573992    0    0 13651     2  893  317 32  2 64  2  0 2026-08-16 14:28:15
 1  0 470016 130080   7176 3601040    0    0 13346     2  878  319 31  2 65  1  0 2026-08-16 14:28:25
 1  0 470016 155616   7192 3574108    3    0 13248     5  889  356 32  2 65  1  0 2026-08-16 14:28:35
 1  0 470016 128272   7200 3603040    0    0 13547     2  870  327 31  2 65  1  0 2026-08-16 14:28:45
 1  0 470016 148460   7208 3576828    0    0 13327     2  873  320 32  2 65  1  0 2026-08-16 14:28:55
 1  0 470016 125308   7216 3605908    2    0 13538    17  915  337 32  2 65  1  0 2026-08-16 14:29:05
 1  0 470016 144124   7224 3585344    0    0 13894     2  895  333 31  2 65  1  0 2026-08-16 14:29:15
 1  0 470016 113896   7232 3611380    0    0 13222     2  887  300 31  2 65  1  0 2026-08-16 14:29:25
 1  0 470016 143492   7240 3582880    0    0 13049     2  943  355 31  2 64  2  0 2026-08-16 14:29:35
 1  0 470016 123224   7248 3604496    0    0 12793     2  874  304 31  2 65  1  0 2026-08-16 14:29:45
 1  0 470016 106220   7256 3623372    0    0 12511     2  915  335 32  2 65  1  0 2026-08-16 14:29:55
 1  0 470016 139344   7264 3584332    0    0 12016     2  889  331 32  2 65  1  0 2026-08-16 14:30:05
 1  0 470016 128508   7272 3600216    0    0 12109     2  908  324 32  2 65  1  0 2026-08-16 14:30:15
 1  0 470016 1036104   7280 2648608    0    0  5931     2 1231  655 37 19 43  1  0 2026-08-16 14:30:25
procs -----------memory---------- ---swap-- -----io---- -system-- ------cpu----- -----timestamp-----
 r  b   swpd   free   buff  cache   si   so    bi    bo   in   cs us sy id wa st                 UTC
 1  0 470016 919176   7288 2764468    2    0 11590     2  836  288 30  4 66  1  0 2026-08-16 14:30:35
 1  0 469760 800988   7296 2883696    6    0 11926     2  831  286 30  4 66  1  0 2026-08-16 14:30:45
 1  0 469760 683304   7304 2995732    5    0 11207     2  855  321 29  4 65  2  0 2026-08-16 14:30:55
 1  0 469760 582956   7312 3116376    0    0 12070     2  853  301 30  3 65  1  0 2026-08-16 14:31:05
 1  0 469760 472356   7320 3226968    0    0 11061    16  843  304 30  3 65  1  0 2026-08-16 14:31:15
 1  0 469760 370044   7328 3339520    4    0 11260     4  878  336 30  4 65  1  0 2026-08-16 14:31:25
 1  0 469760 271512   7336 3450928    0    0 11132     2  883  332 29  4 65  2  0 2026-08-16 14:31:35
 1  0 469760 149292   7344 3567176    2    0 11636     2  888  330 30  3 66  1  0 2026-08-16 14:31:45
 1  0 469760 111104   7352 3606800    0    0 10854    40  883  341 31  2 65  1  0 2026-08-16 14:31:55
 1  0 469760 105560   7360 3611532   10    0   483     4  766  330 32  1 66  0  0 2026-08-16 14:32:05
 1  0 469760 108504   7368 3608876    0    0   535     4  754  294 33  1 66  0  0 2026-08-16 14:32:15
 1  0 469760 117452   7376 3598324    0    0  1070     2  748  270 32  1 66  0  0 2026-08-16 14:32:25
 1  0 469760 114428   7384 3602164    0    0   381     2  732  275 33  1 66  0  0 2026-08-16 14:32:35
 1  0 469760 110144   7392 3605840    4    0   377     3  724  262 32  1 66  0  0 2026-08-16 14:32:45
 1  0 469760 106896   7400 3609160    0    0   330     6  762  332 32  1 66  0  0 2026-08-16 14:32:55
 1  0 469760 157680   7408 3559716    0    0   355     6  739  284 32  1 66  0  0 2026-08-16 14:33:05
 1  0 469760 152640   7416 3563280    0    0   350    14  745  304 33  1 66  0  0 2026-08-16 14:33:15
 1  0 469760 107952   7424 3603696    0    0  8394     4  841  312 32  2 65  1  0 2026-08-16 14:33:25
 1  0 469760 159864   7432 3558220    0    0  5442     3  791  282 32  1 66  1  0 2026-08-16 14:33:35
 1  0 469760 155404   7440 3556960    2    0 10367     2  868  320 32  2 65  2  0 2026-08-16 14:33:45
 1  0 469760 115840   7448 3595540    0    0  3857     2  778  303 32  1 66  0  0 2026-08-16 14:33:55
procs -----------memory---------- ---swap-- -----io---- -system-- ------cpu----- -----timestamp-----
 r  b   swpd   free   buff  cache   si   so    bi    bo   in   cs us sy id wa st                 UTC
 1  0 469760 115840   7456 3597576    0    0   203     3  733  275 33  1 66  0  0 2026-08-16 14:34:05
 1  0 469760 113320   7464 3601544    0    0   397     3  738  284 33  1 66  0  0 2026-08-16 14:34:15
 1  0 469760 110044   7472 3604824    0    0   328     2  720  253 32  2 66  0  0 2026-08-16 14:34:25
 2  0 469760 145672   7480 3569936    0    0  1760     2  751  290 32  1 66  1  0 2026-08-16 14:34:35
 1  0 469760 148320   7488 3568136    0    0 10170     2  854  338 32  2 65  1  0 2026-08-16 14:34:45
 1  0 469760 141868   7496 3573244    0    0 11084     2  891  385 32  2 65  1  0 2026-08-16 14:34:55
 1  0 469760 141004   7504 3574996    0    0 10772     2  882  333 32  2 66  1  0 2026-08-16 14:35:05
 1  0 469760 148816   7512 3567728    0    0  9872     2  873  318 32  1 65  1  0 2026-08-16 14:35:15
 1  0 469760 145804   7520 3571452    1    0 10946     2  893  329 32  2 65  1  0 2026-08-16 14:35:25
 1  0 469760 138464   7528 3578548    0    0 11274     2  921  369 32  2 64  2  0 2026-08-16 14:35:35
 1  0 469760 117848   7536 3593688    0    0 12116     2  882  319 32  2 65  1  0 2026-08-16 14:35:45
 1  0 469760 107768   7544 3609404    0    0 12172     2  880  352 32  2 65  1  0 2026-08-16 14:35:55
 1  0 469760 143512   7552 3573604    0    0 12320     2  891  369 32  2 65  1  0 2026-08-16 14:36:05
 1  0 469760 123604   7560 3595092    0    0 12722     2  882  337 31  2 65  1  0 2026-08-16 14:36:15
 1  0 469760 152176   7568 3560568    0    0 12410     2  902  321 32  2 65  1  0 2026-08-16 14:36:25
 1  0 469760 133260   7576 3584916    0    0 13042     2  915  336 32  2 65  1  0 2026-08-16 14:36:35
 1  0 469760 107556   7584 3609480    0    0 13052     2  928  372 31  2 64  2  0 2026-08-16 14:36:45
 1  0 469760 137496   7592 3576380    0    0 12590     2  896  367 32  2 65  1  0 2026-08-16 14:36:55
 1  0 469760 114336   7608 3599272    0    0 12862     4  903  344 32  2 65  2  0 2026-08-16 14:37:05
 1  0 469760 149616   7616 3568276    0    0 12797     2  887  344 32  2 65  1  0 2026-08-16 14:37:15
 1  0 469760 122280   7624 3587916    2    0 12532     2  904  341 32  2 65  1  0 2026-08-16 14:37:25
procs -----------memory---------- ---swap-- -----io---- -system-- ------cpu----- -----timestamp-----
 r  b   swpd   free   buff  cache   si   so    bi    bo   in   cs us sy id wa st                 UTC
 2  0 469760 108672   7632 3606016    0    0 13096    14  931  351 32  2 65  2  0 2026-08-16 14:37:35
 1  0 469760 134072   7640 3583996    0    0 12985     2  892  323 32  2 65  1  0 2026-08-16 14:37:45
 1  0 469760 106576   7648 3611132    0    0 13316     2  890  345 32  2 65  1  0 2026-08-16 14:37:55
 1  0 469760 135636   7656 3583064    0    0 13091     2  886  341 32  2 65  1  0 2026-08-16 14:38:05
 1  0 469760 109088   7664 3608612    0    0 13151    16  893  341 32  2 65  1  0 2026-08-16 14:38:15
 1  0 469760 131156   7672 3585364    0    0 13570     4  900  360 31  2 65  1  0 2026-08-16 14:38:25
 1  0 469760 152324   7680 3561972    0    0 13569     2  919  345 32  2 65  1  0 2026-08-16 14:38:35
 1  0 469760 132316   7688 3581208    0    0 12510     2  906  322 32  2 65  1  0 2026-08-16 14:38:45
 1  0 469760 156620   7696 3560020    0    0 13776     2  903  342 32  2 65  1  0 2026-08-16 14:38:55
 1  0 469760 130440   7704 3587784    0    0 13382     2  876  325 31  2 65  1  0 2026-08-16 14:39:05
 1  0 469760 152556   7712 3565652    0    0 13686     2  927  359 32  2 65  1  0 2026-08-16 14:39:15
 1  0 469760 123816   7720 3595492    0    0 13575     2  896  329 32  2 65  1  0 2026-08-16 14:39:25
 1  0 469760 141204   7728 3570376    0    0 13388     2  865  303 32  2 65  1  0 2026-08-16 14:39:35
 1  0 469760 112644   7736 3601164    0    0 13675     2  872  324 32  2 65  1  0 2026-08-16 14:39:45
 1  0 469760 136960   7744 3581196    0    0 13904     2  888  336 31  2 65  2  0 2026-08-16 14:39:55
 1  0 469760 109188   7752 3609304    0    0 13410     4  887  331 32  2 65  1  0 2026-08-16 14:40:05
 1  0 469760 126532   7760 3587232    2    0 18960     4 2151 1449 20  4 58 18  0 2026-08-16 14:40:15
 0  1 469760 128412   7768 3583132    0    0 62841     2 3943 2935  9 10 49 31  0 2026-08-16 14:40:25
 1  0 470528 299540   2936 3419380    0   91 110810    93 3626 2101 13 32 39 15  0 2026-08-16 14:40:35
 0  1 468224 152368   2868 3557256  367    0 30579     2 1479  775 27  6 62  5  0 2026-08-16 14:40:45
 0  1 468224 137480   2872 3578708    2    0  7623     2 1247  815 29  4 63  4  0 2026-08-16 14:40:55
procs -----------memory---------- ---swap-- -----io---- -system-- ------cpu----- -----timestamp-----
 r  b   swpd   free   buff  cache   si   so    bi    bo   in   cs us sy id wa st                 UTC
 2  0 468224 141452   2880 3571848    0    0 14389     2 1336  891 30  4 63  4  0 2026-08-16 14:41:05
 1  0 468224 129552   2884 3585684    0    0 29724     2 1415  850 29  4 63  4  0 2026-08-16 14:41:15
 1  0 468224 105900   2852 3610924    5    0 35175     2 1361  759 28  4 63  4  0 2026-08-16 14:41:25
 1  0 468224 130836   2836 3588988    0    0 25190    13 1273  727 29  4 63  3  0 2026-08-16 14:41:35
 1  0 468224 140776   2836 3577820    0    0  4312     2 1009  690 31  2 65  2  0 2026-08-16 14:41:45
 2  0 468224 153324   2840 3565036    0    0  4197     2  976  700 32  2 65  1  0 2026-08-16 14:41:55
 1  0 468224 107068   2856 3611120    9    0  9994    42 1099  785 32  3 64  2  0 2026-08-16 14:42:05
 0  1 468224 124768   2872 3593256    0    0  9173     5 1049  700 31  3 64  2  0 2026-08-16 14:42:15
 1  0 468224 134356   2880 3584080    0    0  4457     2 1045  752 32  2 64  2  0 2026-08-16 14:42:25
 1  0 468224 120240   2888 3597776    0    0  6748     4 1054  724 32  2 64  2  0 2026-08-16 14:42:35
 1  0 468224 129420   2896 3588552    1    0  4554     4  994  680 32  2 64  2  0 2026-08-16 14:42:45
 1  0 468224 139476   2904 3579464    0    0  4569     2 1064  759 32  3 64  2  0 2026-08-16 14:42:55
 1  0 468224 133152   2912 3584600    0    0  5995     2 1110  799 32  2 64  2  0 2026-08-16 14:43:05
 3  0 468224 146136   2916 3571312    0    0  9634     2 1087  743 31  3 65  2  0 2026-08-16 14:43:15
 1  0 468224 142824   2924 3573956    0    0  5734     2 1017  700 32  2 64  2  0 2026-08-16 14:43:25
 1  0 468224 151980   2932 3567068    1    0  4792     2 1012  739 32  2 64  1  0 2026-08-16 14:43:35
 1  0 468224 139792   2940 3578724    0    0 12122     2 1096  771 31  3 64  2  0 2026-08-16 14:43:45
 1  0 468224 140048   2948 3580260    0    0 11108     2 1107  751 31  3 65  2  0 2026-08-16 14:43:55
 1  0 468224 130500   2952 3588976    0    0 11835     2 1102  710 32  3 63  2  0 2026-08-16 14:44:05
 1  0 468224 130752   2960 3588644    0    0 10739     2 1106  781 31  3 64  2  0 2026-08-16 14:44:15
 1  0 468224 136828   2968 3582700    0    0 10085     2 1058  707 31  2 65  2  0 2026-08-16 14:44:25
procs -----------memory---------- ---swap-- -----io---- -system-- ------cpu----- -----timestamp-----
 r  b   swpd   free   buff  cache   si   so    bi    bo   in   cs us sy id wa st                 UTC
 0  1 468224 115980   2972 3603120    0    0 12743     2 1132  791 31  3 64  2  0 2026-08-16 14:44:35
 1  0 468224 106148   2980 3613472    0    0 11606     1 1096  707 32  3 63  2  0 2026-08-16 14:44:45
 1  0 468224 138532   2988 3581316    0    0 12448     1 1058  685 31  3 64  2  0 2026-08-16 14:44:55
 1  0 468224 124444   2996 3594188    0    0 11860     1 1065  698 31  3 64  2  0 2026-08-16 14:45:05
 1  0 468224 152532   3004 3565636    0    0 13020     2 1103  734 31  3 64  2  0 2026-08-16 14:45:15
 1  0 468224 133896   3012 3584676    0    0 12652     1 1092  711 32  2 64  2  0 2026-08-16 14:45:25
 1  0 468224 137760   3020 3580312    0    0  4966     1 1031  739 32  2 65  1  0 2026-08-16 14:45:35
 1  0 468224 144756   3028 3572644    0    0  4688     1 1031  714 32  2 65  1  0 2026-08-16 14:45:45
 0  1 468224 128664   3036 3588576    4    0 12479     2 2154 1551 22  4 58 16  0 2026-08-16 14:45:55
 1  0 468224 127544   3024 3587460    0    0 102979     2 4302 2696 12 11 49 28  0 2026-08-16 14:46:05
 1  0 466944 152428   3032 3565644  262    0 14253     1 1335  801 32  4 61  3  0 2026-08-16 14:46:15
 0  1 466944 121424   3040 3592600    0    0  8123    18 1284  865 29  3 63  4  0 2026-08-16 14:46:25
 2  0 466944 113360   3048 3604156    0    0 17237     3 1265  826 30  4 63  4  0 2026-08-16 14:46:35
 0  1 466944 147380   3052 3569204    0    0 26067     3 1323  766 29  4 63  4  0 2026-08-16 14:46:45
 1  0 466688 107280   3060 3600968   10    0 32839     2 1412  751 29  4 62  4  0 2026-08-16 14:46:55
 1  0 466688 129756   3064 3588152    0    0 20518     3 1293  752 29  4 64  3  0 2026-08-16 14:47:05
 1  0 466944 140524   3072 3576492    0   24  4292    26 1002  711 32  2 65  1  0 2026-08-16 14:47:15
 1  0 466944 154984   3080 3563852    0    1  4184     3  966  690 32  2 65  1  0 2026-08-16 14:47:25
 1  0 466944 121164   3088 3597272    0    0  8796     2 1064  707 32  3 64  1  0 2026-08-16 14:47:35
 1  0 466944 146532   3096 3570752    0    0  8251     2 1082  703 31  2 64  2  0 2026-08-16 14:47:45
 1  0 466944 157872   3104 3560492    0    0  4428     2 1049  741 31  2 64  3  0 2026-08-16 14:47:55
procs -----------memory---------- ---swap-- -----io---- -system-- ------cpu----- -----timestamp-----
 r  b   swpd   free   buff  cache   si   so    bi    bo   in   cs us sy id wa st                 UTC
 1  0 466944 148892   3112 3568988    0    0  6303     2 1067  738 31  2 65  2  0 2026-08-16 14:48:05
 1  0 466944 105044   3120 3612976    0    0  4399     2 1023  709 32  2 64  2  0 2026-08-16 14:48:15
 1  0 466944 116800   3128 3600928    0    0  4246     2 1033  734 32  2 64  2  0 2026-08-16 14:48:25
 1  0 466944 115260   3136 3600984    0    0  5458     2 1099  778 32  2 63  3  0 2026-08-16 14:48:35
 1  0 466944 136468   3152 3577276    0    0  8537     3 1121  745 32  3 64  2  0 2026-08-16 14:48:45
 1  0 466944 138952   3160 3578972    0    0  5620     4 1034  698 32  2 64  2  0 2026-08-16 14:48:55
 2  0 466944 145416   3168 3572412    0    0  4798     2 1063  750 32  2 64  1  0 2026-08-16 14:49:05
 1  0 466944 149552   3176 3567520    0    0 10420    11 1164  772 31  3 64  2  0 2026-08-16 14:49:15
 1  0 466944 105412   3184 3611328    0    0  9839     2 1117  762 32  2 64  2  0 2026-08-16 14:49:25
 1  0 466944 110220   3192 3608164    0    0 10586     2 1117  706 31  3 64  2  0 2026-08-16 14:49:35
 2  0 466944 117244   3200 3598096    0    0  9892     2 1115  765 33  3 63  2  0 2026-08-16 14:49:45
 0  1 466944 132908   3208 3584648    0    0  9561     2 1032  708 32  3 64  2  0 2026-08-16 14:49:55
 1  0 466944 118484   3216 3597412    0    0 12182     2 1132  787 31  3 65  2  0 2026-08-16 14:50:05
 5  0 466944 113828   3224 3603672    0    0 11539     3 1112  715 31  2 64  2  0 2026-08-16 14:50:15
 1  0 466944 154392   3232 3564604    0    0 12444     2 1069  682 32  3 63  2  0 2026-08-16 14:50:25
 1  0 466944 126904   3240 3585872    0    0 13038     2 1051  694 31  3 64  2  0 2026-08-16 14:50:35
 2  0 466944 1035904   3248 2666724    0    0  5553     2 1282  805 37 19 43  1  0 2026-08-16 14:50:45
 1  0 466944 921748   3256 2785348    0    0 11859     2 1133  703 30  4 64  2  0 2026-08-16 14:50:55
 1  0 466944 824224   3264 2882912    0    0  9755     2 1100  708 30  4 64  2  0 2026-08-16 14:51:05
 1  0 466944 771052   3272 2934364    0    0  5142     2 1036  704 31  3 64  1  0 2026-08-16 14:51:15
 1  0 466944 724432   3280 2981824    0    0  4746     2 1009  689 31  3 65  1  0 2026-08-16 14:51:25
procs -----------memory---------- ---swap-- -----io---- -system-- ------cpu----- -----timestamp-----
 r  b   swpd   free   buff  cache   si   so    bi    bo   in   cs us sy id wa st                 UTC
 0  1 466944 560380   3288 3159556    0    0 17778     2 2052 1366 21  7 59 13  0 2026-08-16 14:51:35
 0  1 466944 136756   3296 3583940    0    0 69800     2 3204 1712 12 14 55 19  0 2026-08-16 14:51:45
 1  0 465408 108028   3304 3613620  238    0 14112     2 1389  835 29  4 62  5  0 2026-08-16 14:51:55
 1  0 465408 143436   3312 3576488    0    0  1767     2  939  657 32  2 66  0  0 2026-08-16 14:52:05
 1  0 465408 112440   3320 3608816    0    0  3238     3 1107  779 31  2 64  3  0 2026-08-16 14:52:15
 1  0 465408 127644   3328 3592656    0    0  3858     4 1088  749 30  3 64  3  0 2026-08-16 14:52:25
 1  0 465408 102848   3336 3616580    4    0 23976     2 1312  788 29  4 62  4  0 2026-08-16 14:52:35
 1  0 465408 140868   3344 3579636    0    0 20754     2 1305  774 29  4 63  4  0 2026-08-16 14:52:45
 1  0 465408 147416   3352 3574688    0    0  4369     2 1000  691 31  2 65  1  0 2026-08-16 14:52:55
 2  0 465408 105364   3360 3615772    0    0  4115    38  994  732 32  2 64  1  0 2026-08-16 14:53:05
 1  0 465408 110780   3368 3610804    0    0  4392     6  992  697 32  2 65  1  0 2026-08-16 14:53:15
 1  0 465408 119096   3376 3600212    0    0  4108     2  966  680 32  2 65  1  0 2026-08-16 14:53:25
 1  0 465408 135184   3384 3584572    0    0  3920     2  995  714 32  2 65  1  0 2026-08-16 14:53:35
 1  0 465408  98644   3400 3621732    0    0  3709     3  977  696 32  2 65  1  0 2026-08-16 14:53:45
 1  0 465408 115828   3408 3604472    0    0  3755     2  966  673 32  2 65  1  0 2026-08-16 14:53:55
 1  0 465408 132448   3416 3587428    0    0  3775     2  992  723 32  2 65  1  0 2026-08-16 14:54:05
 1  0 465408 148508   3424 3573780    0    0  4114     2 1010  745 32  2 65  1  0 2026-08-16 14:54:15
 1  0 465408 104660   3432 3615348    0    0  4156     2 1001  718 32  2 65  1  0 2026-08-16 14:54:25
 1  0 465408 115292   3440 3606688    0    0  4618     2  993  700 31  2 65  2  0 2026-08-16 14:54:35
 2  0 465408 124396   3448 3595972    0    0  4399     2 1029  740 32  2 64  1  0 2026-08-16 14:54:45
 1  0 465408 133620   3456 3586052    0    0  4486     2 1047  750 31  2 64  2  0 2026-08-16 14:54:55
procs -----------memory---------- ---swap-- -----io---- -system-- ------cpu----- -----timestamp-----
 r  b   swpd   free   buff  cache   si   so    bi    bo   in   cs us sy id wa st                 UTC
 1  0 465408 144096   3464 3574928    0    0  4370     2 1014  715 32  2 64  1  0 2026-08-16 14:55:05
 1  0 465408 101760   3472 3618700    0    0  4378     2 1011  707 32  2 65  1  0 2026-08-16 14:55:15
 1  0 465408 112588   3480 3607576    0    0  4362     2 1034  739 32  2 65  1  0 2026-08-16 14:55:25
 1  0 465408 123116   3488 3597868    0    0  4509     2 1006  712 32  2 64  1  0 2026-08-16 14:55:35
 1  0 465408 107936   3496 3611996    0    0  6897     2 1056  754 31  2 65  2  0 2026-08-16 14:55:45
 1  0 465408 111016   3504 3609940    0    0 10744     2 1161  733 32  3 63  3  0 2026-08-16 14:55:55
 1  0 465408 109608   3512 3611476    0    0 11110     2 1152  720 31  2 64  2  0 2026-08-16 14:56:05
 1  0 465408 123112   3520 3598912    0    0  9700     2 1087  702 31  3 64  2  0 2026-08-16 14:56:15
 1  0 465408 103464   3528 3616460    0    0 12713     2 1174  763 31  3 64  2  0 2026-08-16 14:56:25
 1  0 465408 103500   3536 3618060    0    0 11121     2 1149  723 31  3 64  2  0 2026-08-16 14:56:35
 1  0 465408 105296   3552 3614820    0    0  5158     3 1044  728 32  2 64  1  0 2026-08-16 14:56:45
 1  0 465408 109444   3560 3609016    0    0  4894    15 1046  728 31  2 65  1  0 2026-08-16 14:56:55
 1  0 465152  99364   3572 3619472   21    0  2830     2  901  527 32  2 65  1  0 2026-08-16 14:57:05
 1  0 465152 104984   3608 3612488    0    0     2 11109  738  267 32  2 59  7  0 2026-08-16 14:57:15
 1  0 465152 108048   3624 3607284    0    0     2     8  694  244 32  2 66  0  0 2026-08-16 14:57:25
 1  0 465152 134020   3640 3575244    0    0  8792     6  960  335 31  2 64  2  0 2026-08-16 14:57:35
 1  0 465152 136548   3696 3564268    0    0 40646 33088 2046 1231 20 10 44 25  0 2026-08-16 14:57:45
 0  0 465152 544032   3772 3183544    3    0 32693 109798 1805  726  7 26 35 32  0 2026-08-16 14:57:55
 0  0 465152 541140   3824 3183608    0    0     3 27759  682  440  2  1 90  7  0 2026-08-16 14:58:05
 0  0 465152 546424   3832 3183608    0    0     0     2  493  361  2  0 97  0  0 2026-08-16 14:58:15
 0  0 465152 549052   3840 3183608    0    0     0     2  488  362  2  1 97  0  0 2026-08-16 14:58:25
procs -----------memory---------- ---swap-- -----io---- -system-- ------cpu----- -----timestamp-----
 r  b   swpd   free   buff  cache   si   so    bi    bo   in   cs us sy id wa st                 UTC
 0  0 465152 541596   3848 3183612    0    0     0    14  509  368  2  0 97  0  0 2026-08-16 14:58:35
 1  0 465152 542984   3856 3183612    0    0     0     2  531  383  2  1 97  0  0 2026-08-16 14:58:45
 0  0 465152 547848   3872 3183612    0    0     0    18  513  382  2  1 97  0  0 2026-08-16 14:58:55
 0  0 465152 549252   3880 3183612    0    0     0     4  509  391  2  0 97  0  0 2026-08-16 14:59:05
 0  0 465152 548144   3888 3183612    0    0     0     2  501  361  2  0 97  0  0 2026-08-16 14:59:15
 1  0 465152 805912   3900 2919784    2    0     2     9  848  391 21  1 78  0  0 2026-08-16 14:59:25
 1  0 465152 573316   3916 3145668    0    0  1726    12 1376  396 48  2 50  0  0 2026-08-16 14:59:35
 0  2 465152 143668   4016 3563292    0    0  9784 93530 1896  547 31 12 29 29  0 2026-08-16 14:59:45
 0  0 465152 632368   4068 3099100    0    0     3 58375  957  499  4  4 76 16  0 2026-08-16 14:59:55
 0  0 465152 631056   4076 3099100    0    0     0    16  522  384  2  1 97  0  0 2026-08-16 15:00:05
 0  0 465152 632124   4084 3099100    0    0     0    16  516  373  2  0 97  0  0 2026-08-16 15:00:15
 0  0 465152 632848   4092 3099100    0    0     0     2  500  370  2  1 97  0  0 2026-08-16 15:00:25
 0  0 465152 632192   4100 3099100    0    0     0     2  504  359  2  1 97  0  0 2026-08-16 15:00:35
 0  0 465152 633296   4108 3099100    0    0     0     2  513  365  2  0 97  0  0 2026-08-16 15:00:45
 0  0 465920 1460692   1452 2273800    0   38     0    40 1348  925  4 17 79  0  0 2026-08-16 15:00:55
 0  0 465920 1462348   1460 2273800    0    0     0     2  534  396  2  1 97  0  0 2026-08-16 15:01:05
 0  0 465920 1621676   1468 2119944    0    0     2     2  487  369  2  1 98  0  0 2026-08-16 15:01:15
 1  0 465920 1409240   1488 2308844    0    0     0    18 1320  398 44  5 51  0  0 2026-08-16 15:01:25
 1  0 465920 1111376   1532 2604244    0    0 11490 32230 1804  513 43  7 41  9  0 2026-08-16 15:01:35
 0  0 465920 1138244   1624 2581104    0    0    25 97602 1529  584 14 14 38 33  0 2026-08-16 15:01:45
 0  0 465920 1153776   1676 2581184    0    0     5 24893  672  422  2  1 91  6  0 2026-08-16 15:01:55
procs -----------memory---------- ---swap-- -----io---- -system-- ------cpu----- -----timestamp-----
 r  b   swpd   free   buff  cache   si   so    bi    bo   in   cs us sy id wa st                 UTC
 0  0 465920 1151988   1684 2581184    0    0     0     3  519  386  2  0 97  0  0 2026-08-16 15:02:05
 0  0 465920 1151820   1692 2581184    0    0     0    14  514  376  2  0 97  0  0 2026-08-16 15:02:15
 0  0 465920 1153324   1700 2581184    0    0     0     2  494  363  2  1 97  0  0 2026-08-16 15:02:25
 0  0 465920 1153320   1708 2581184    0    0     0     2  500  367  2  1 97  0  0 2026-08-16 15:02:35
 0  0 465920 1154744   1716 2581184    0    0     0     2  520  377  2  0 97  0  0 2026-08-16 15:02:45
 0  0 465920 1154588   1724 2581184    0    0     0     2  516  378  2  1 97  0  0 2026-08-16 15:02:55
 0  0 465920 1153308   1732 2581184    0    0     0    16  517  390  2  1 97  0  0 2026-08-16 15:03:05
 1  0 465920 1447444   2028 2250492   39    0  1582    12  889  417 20  1 78  1  0 2026-08-16 15:03:15
 1  0 465920 1438696   2036 2271304    1    0  2079     3 1370  372 50  0 50  0  0 2026-08-16 15:03:25
 0  1 462336 1409744   2044 2303316  476    0  3676    48 1577  597 48  1 49  2  0 2026-08-16 15:03:35
 1  0 458752 1382756   2052 2324116  521    0  2606     8 1536  524 48  1 49  2  0 2026-08-16 15:03:45
 1  0 458496 1364612   2060 2345164   12    0  2114     2 1372  372 50  0 50  0  0 2026-08-16 15:03:55
 1  0 458496 1336640   2068 2366776    3    0  2170     2 1399  392 50  0 50  0  0 2026-08-16 15:04:05
 1  0 458496 1321520   2076 2387812   10    0  2106    16 1383  376 50  0 50  0  0 2026-08-16 15:04:15
 1  0 458496 1302368   2084 2408572    5    0  2086     2 1375  370 50  0 50  0  0 2026-08-16 15:04:25
 1  0 458496 1275152   2092 2429984    8    0  2148     3 1375  372 50  0 50  0  0 2026-08-16 15:04:35
 1  0 458240 1256000   2100 2451372    4    0  2140     4 1382  370 50  0 50  0  0 2026-08-16 15:04:45
 1  0 458240 1236344   2108 2472156    4    0  2086     3 1397  382 50  0 50  0  0 2026-08-16 15:04:55
 1  0 458240 1219964   2116 2491856   12    0  1985     3 1376  378 50  0 50  0  0 2026-08-16 15:05:05
 1  0 458240 1204276   2124 2493076   24    0   133     2 1236  343 47  0 52  0  0 2026-08-16 15:05:15
 1  0 458240 1209564   2132 2493076    4    0     4     9  671  216 33  0 66  0  0 2026-08-16 15:05:25
procs -----------memory---------- ---swap-- -----io---- -system-- ------cpu----- -----timestamp-----
 r  b   swpd   free   buff  cache   si   so    bi    bo   in   cs us sy id wa st                 UTC
 1  0 458240 1209564   2140 2493076    1    0     1     2  681  222 33  0 66  0  0 2026-08-16 15:05:35
 1  0 458240 1209564   2148 2493076    3    0     3     2  689  225 33  0 66  0  0 2026-08-16 15:05:45
 1  0 458240 1209564   2156 2493076    0    0     0     2  685  225 34  0 66  0  0 2026-08-16 15:05:55
 1  0 458240 1209484   2164 2493076    0    0     0     2  681  232 34  0 66  0  0 2026-08-16 15:06:05
 1  0 458240 1209736   2172 2493076    0    0     0     2  676  222 34  0 66  0  0 2026-08-16 15:06:15
 1  0 458240 1209736   2180 2493076    2    0     2     2  673  218 34  0 66  0  0 2026-08-16 15:06:25
 1  0 458240 1209736   2188 2493076    2    0     2     2  673  219 33  0 66  0  0 2026-08-16 15:06:35
 1  0 458240 1209736   2196 2493076    5    0     5     2  681  220 33  0 66  0  0 2026-08-16 15:06:45
 1  0 458240 1209736   2212 2493076    2    0     2     3  690  229 33  0 66  0  0 2026-08-16 15:06:55
 1  0 458240 1211024   2312 2500856    0    0   786     9  731  284 34  0 65  0  0 2026-08-16 15:07:05
 1  0 458240 1211024   2320 2500856    0    0     0     6  680  225 33  0 66  0  0 2026-08-16 15:07:15
 1  0 458240 1211024   2328 2500856    5    0     5    39  688  229 33  0 66  0  0 2026-08-16 15:07:25
 1  0 458240 1211024   2336 2500856    7    0     7     2  682  224 33  0 66  0  0 2026-08-16 15:07:35
 1  0 458240 1211024   2344 2500856    2    0     2     3  680  220 34  0 66  0  0 2026-08-16 15:07:45
 1  0 458240 1211024   2352 2500856    2    0     2     2  678  223 34  0 66  0  0 2026-08-16 15:07:55
 1  0 458240 1211024   2360 2500856    3    0     3     2  680  234 33  0 66  0  0 2026-08-16 15:08:05
 1  0 457984 1211024   2368 2500856    2    0     2     2  677  220 34  0 66  0  0 2026-08-16 15:08:15
 1  0 457984 1211024   2376 2500856    6    0     6     2  676  221 34  0 66  0  0 2026-08-16 15:08:25
 1  0 457984 1210772   2384 2501080    1    0    19     2  687  227 33  0 66  0  0 2026-08-16 15:08:35
 1  0 457984 1208756   2392 2501080    0    0     0     2  700  230 33  0 66  0  0 2026-08-16 15:08:45
 1  0 457984 1200556   2400 2501112    1    0     1    12  683  226 33  0 66  0  0 2026-08-16 15:08:55
procs -----------memory---------- ---swap-- -----io---- -system-- ------cpu----- -----timestamp-----
 r  b   swpd   free   buff  cache   si   so    bi    bo   in   cs us sy id wa st                 UTC
 1  0 457728 1201132   2408 2501112    7    0     7     2  687  236 33  0 66  0  0 2026-08-16 15:09:05
 1  0 457728 1201132   2416 2501112    3    0     3     2  693  232 33  0 66  0  0 2026-08-16 15:09:15
 1  0 457728 1201132   2424 2501112    1    0     1     2  689  231 33  0 66  0  0 2026-08-16 15:09:25
 1  0 457728 1201132   2432 2501112    1    0     1     2  690  227 33  0 66  0  0 2026-08-16 15:09:35
 1  0 457728 1201132   2440 2501112    2    0     2     2  687  225 33  0 66  0  0 2026-08-16 15:09:45
 1  0 457728 1201132   2448 2501112    0    0     0     2  684  226 34  0 66  0  0 2026-08-16 15:09:55
 1  0 457728 1201132   2456 2501112    0    0     0     2  686  234 33  0 66  0  0 2026-08-16 15:10:05
 1  0 457728 1201132   2464 2501112    0    0     0     2  680  222 33  0 66  0  0 2026-08-16 15:10:15
 1  0 457728 1201132   2472 2501112    0    0     0     2  683  221 33  0 66  0  0 2026-08-16 15:10:25
 1  0 457728 1200880   2480 2501116    0    0     0     3  690  229 34  0 66  0  0 2026-08-16 15:10:35
 1  0 457728 1200880   2488 2501116    0    0     0     4  685  223 33  0 66  0  0 2026-08-16 15:10:45
 1  0 457728 1200656   2496 2501116    0    0     0     2  684  224 34  0 66  0  0 2026-08-16 15:10:55
 2  0 458240 114400   1444 2466192    0   91     0    92 1142  448 41 17 42  0  0 2026-08-16 15:11:05
 1  0 459008 1845056    628 1848572    0   53   648    54 1095  693 36  9 55  0  0 2026-08-16 15:11:15
 1  0 459008 1836992    636 1859012    0    0  1048     2  697  228 33  0 66  0  0 2026-08-16 15:11:25
 1  0 459008 1825904    644 1869796    0    0  1080     2  695  227 33  0 66  0  0 2026-08-16 15:11:35
 1  0 459008 1818092    652 1880184    0    0  1042     2  702  230 33  0 66  0  0 2026-08-16 15:11:45
 1  0 459008 1802972    660 1891048    0    0  1080     2  704  236 33  1 66  0  0 2026-08-16 15:11:55
 1  0 459008 1795412    668 1901660    0    0  1059     3  703  244 33  0 66  0  0 2026-08-16 15:12:05
 1  0 459008 1784916    688 1912216    0    0  1063     3  716  247 33  1 65  1  0 2026-08-16 15:12:15
 1  0 459008 1774836    696 1922688    0    0  1043    15  712  239 33  0 66  0  0 2026-08-16 15:12:25
procs -----------memory---------- ---swap-- -----io---- -system-- ------cpu----- -----timestamp-----
 r  b   swpd   free   buff  cache   si   so    bi    bo   in   cs us sy id wa st                 UTC
 1  0 459008 1766772    704 1932056    0    0   942     2  693  230 33  0 66  0  0 2026-08-16 15:12:35
 1  0 459008 1744264    716 1941520    0    0   617     2  712  282 33  1 66  0  0 2026-08-16 15:12:45
 1  0 445952 1735000    732 1942984 1832    0  1979   326 1395  892 29  2 61  7  0 2026-08-16 15:12:55
 1  0 431360 1705012    744 1949012 1428    0  2043     4 1216  766 30  2 63  5  0 2026-08-16 15:13:05
 1  0 430080 1705012    768 1954280   53    0   567     8  761  319 32  1 66  1  0 2026-08-16 15:13:15
 1  0 430080 1695940    792 1966052    4    0   144   188  713  362 33  1 66  0  0 2026-08-16 15:13:25
 1  0 429568 1642268    816 2015868   24    0  3811    45  819  446 32  2 65  1  0 2026-08-16 15:13:35
 1  0 429568 1586828    840 2067732    3    0  3654  2872  793  441 32  2 62  4  0 2026-08-16 15:13:45
 1  0 429568 1570700    856 2084988    0    0   341     6  728  412 32  2 65  0  0 2026-08-16 15:13:55
 1  0 429568 1552952    864 2102964    0    0   465     3  750  400 31  3 65  1  0 2026-08-16 15:14:05
 1  0 429568 1537076    880 2119036    0    0   300  4193  772  451 32  2 64  2  0 2026-08-16 15:14:15
 1  0 429568 1518428    900 2157364    0    0  2356     6  771  426 32  2 65  1  0 2026-08-16 15:14:25
 1  0 429568 1490204    916 2176888    0    0   348     6  736  443 33  2 65  1  0 2026-08-16 15:14:35
 1  0 429568 1467020    936 2196724    0    0   357  4817  763  443 33  2 62  4  0 2026-08-16 15:14:45
 1  0 429568 1450892    952 2217708    0    0   439     7  740  446 32  2 65  0  0 2026-08-16 15:14:55
 1  0 429568 1427204    968 2236212    0    0   331     6  740  430 33  1 65  1  0 2026-08-16 15:15:05
 1  1 429568 1413092    988 2253668    0    0   252  1843  750  459 33  2 64  1  0 2026-08-16 15:15:15
 1  0 429568 1401780   1004 2267828    0    0   287  3013  741  378 33  1 64  2  0 2026-08-16 15:15:25
 1  0 429568 1370532   1020 2298616    0    0  1872     6  787  437 32  2 65  1  0 2026-08-16 15:15:35
 1  0 429568 1335252   1044 2331936    0    0  2139     6  743  376 32  2 66  0  0 2026-08-16 15:15:45
 1  0 429568 1297956   1060 2371520    0    0  2747  3678  804  411 33  2 63  3  0 2026-08-16 15:15:55
procs -----------memory---------- ---swap-- -----io---- -system-- ------cpu----- -----timestamp-----
 r  b   swpd   free   buff  cache   si   so    bi    bo   in   cs us sy id wa st                 UTC
 1  0 429568 1268724   1076 2391912    0    0   704     6  736  396 31  2 65  1  0 2026-08-16 15:16:05
 1  0 429568 1260660   1092 2409528    0    0   318     6  742  451 32  2 65  0  0 2026-08-16 15:16:15
 1  0 429568 1237980   1108 2427260    0    0   382  4246  773  439 32  3 62  4  0 2026-08-16 15:16:25
 1  0 429568 1229160   1128 2445944    0    0   424    10  743  445 32  2 65  0  0 2026-08-16 15:16:35
 1  0 429568 1164900   1144 2504336    0    0  3322     6  790  587 32  2 64  1  0 2026-08-16 15:16:45
 1  0 429568 1107528   1212 2573340    0    0  3012  6917  946 1018 32  4 58  6  0 2026-08-16 15:16:55
 1  0 429568 1022860   1236 2640256    6    0  2608    27  891 1350 34  4 61  0  0 2026-08-16 15:17:05
 1  0 429568 960364   1252 2702384    0    0  2780    21 1059 1677 34  4 61  1  0 2026-08-16 15:17:15
 1  0 429568 905012   1304 2760708    0    0  3070 14398 1251 2355 33  5 55  6  0 2026-08-16 15:17:25
 1  0 429568 852848   1324 2810132    0    0  2958    17 1061 2805 35  4 60  1  0 2026-08-16 15:17:35
 1  0 429568 804464   1340 2858696    0    0  3112    20 1289 3158 36  5 59  0  0 2026-08-16 15:17:45
 1  1 429568 765152   1356 2902472    0    0  2926   479 1054 3270 34  4 61  1  0 2026-08-16 15:17:55
 1  0 429568 763928   1372 2921164    0    0   538 16265 1106 3373 34  6 53  8  0 2026-08-16 15:18:05
 3  0 429568 736712   1388 2944948    0    0  1127     6 1105 3523 33  5 61  0  0 2026-08-16 15:18:15
 1  0 429568 695640   1408 2976436    0    0  1942    14 1230 3568 37  5 58  1  0 2026-08-16 15:18:25
 1  0 429568 660892   1428 3019256    0    0  3164 16231 1442 3737 35  6 53  7  0 2026-08-16 15:18:35
 1  0 429568 613012   1444 3065296    0    0  3498     6 1235 3779 38  5 57  0  0 2026-08-16 15:18:45
 2  0 429568 575716   1460 3108832    0    0  3298    15 1200 3511 36  5 59  1  0 2026-08-16 15:18:55
 1  0 429568 534048   1476 3149396    0    0  2935 16890 1381 3686 34  5 53  8  0 2026-08-16 15:19:05
 1  0 429568 472312   1496 3195716    0    0  3442     6 1472 3978 34  5 60  1  0 2026-08-16 15:19:15
 1  0 429568 426952   1512 3243068    0    0  3514     6 1355 4183 34  5 60  0  0 2026-08-16 15:19:25
procs -----------memory---------- ---swap-- -----io---- -system-- ------cpu----- -----timestamp-----
 r  b   swpd   free   buff  cache   si   so    bi    bo   in   cs us sy id wa st                 UTC
 1  0 429568 385784   1528 3288704    0    0  3288 19368 1646 4796 36  7 45 11  0 2026-08-16 15:19:35
 1  0 429568 336144   1548 3330424    0    0  2872     6 1571 5024 36  6 58  0  0 2026-08-16 15:19:45
 1  0 429568 295824   1564 3368880    0    0  2445     6 1486 5497 38  6 56  0  0 2026-08-16 15:19:55
 3  0 429568 265584   1584 3399496    0    0  1569   527 1412 5915 37  6 55  1  0 2026-08-16 15:20:05
 1  0 429568 242148   1600 3436976    0    0  2279 19899 1968 6321 39  8 43  9  0 2026-08-16 15:20:15
 1  0 429568 195780   1616 3476408    0    0  2424     6 1817 6827 40  8 52  0  0 2026-08-16 15:20:25
 1  0 429568 160500   1632 3514296    0    0  2246     6 1495 7216 39  7 54  0  0 2026-08-16 15:20:35
 1  1 429568 131756   1652 3549132    0    0  1982 24339 1743 7356 39  9 44  8  0 2026-08-16 15:20:45
 4  0 429568 106836   1668 3580804    0    0  1670 16779 2014 7539 40 10 42  8  0 2026-08-16 15:20:55
 1  0 429568 106492   1684 3573168    0    0   649     6 1719 7713 42 11 47  0  0 2026-08-16 15:21:05
 1  0 429568 110932   1696 2909816    0    0   386     8 1822 5273 43 18 39  0  0 2026-08-16 15:21:15
 3  0 429568 1075128   1716 2579432    0    0  2862 25402 2003 6334 42 21 31  5  0 2026-08-16 15:21:25
 1  0 429568 1034896   1732 2624180    0    0  3298 40968 2325 8438 37 11 30 22  0 2026-08-16 15:21:35
 1  0 429568 985292   1752 2672540    0    0  3529 20898 2170 8515 40 11 38 11  0 2026-08-16 15:21:45
 6  1 429568 931808   1768 2722124    0    0  3742 24416 2380 9071 42 12 37  8  0 2026-08-16 15:21:55
 1  0 429568 914468   1784 2769612    0    0  3474 40728 2490 8888 39 12 31 18  0 2026-08-16 15:22:05
 1  0 429568 822444   1796 2858764    0    0  7806 17436 3228 7731 32 10 49  9  0 2026-08-16 15:22:15
 1  0 429568 786160   1812 2893632    1    0  3418    13 2111 3500 32  4 64  0  0 2026-08-16 15:22:25
 1  0 429568 725932   1828 2944296    0    0  4967     4  767  309 32  2 66  1  0 2026-08-16 15:22:35
 1  0 429568 681264   1844 2996368    0    0  5110  6459  873  376 32  2 60  6  0 2026-08-16 15:22:45
 5  0 429568 634392   1852 3043228    0    0  4684     9  778  271 32  2 65  1  0 2026-08-16 15:22:55
procs -----------memory---------- ---swap-- -----io---- -system-- ------cpu----- -----timestamp-----
 r  b   swpd   free   buff  cache   si   so    bi    bo   in   cs us sy id wa st                 UTC
 1  0 429312 586516   2008 3089728    0    0  4215     4  767  349 32  2 66  1  0 2026-08-16 15:23:05
 1  1 429312 530076   2024 3139880    0    0  4342   822  788  391 32  2 65  1  0 2026-08-16 15:23:15
 1  0 429312 486732   2040 3186940    0    0  3986  1849  790  388 32  2 63  3  0 2026-08-16 15:23:25
 1  0 429312 470100   2056 3201884    0    0   909     3  764  431 33  1 66  1  0 2026-08-16 15:23:35
 1  0 429312 453972   2072 3214560    0    0   730     4  737  386 33  1 66  1  0 2026-08-16 15:23:45
 1  0 429312 426832   2088 3242144    0    0  2734  4891  789  461 33  2 62  4  0 2026-08-16 15:23:55
 1  0 429312 400904   2104 3269696    0    0  2726    43  757  380 33  2 65  0  0 2026-08-16 15:24:05
 1  0 429312 361088   2120 3312304    0    0  4256     5  787  423 32  2 66  1  0 2026-08-16 15:24:15
 1  0 429312 320768   2136 3352836    0    0  4052  4766  793  382 32  2 62  4  0 2026-08-16 15:24:25
 1  0 429312 273896   2152 3392780    0    0  3993    15  788  386 32  2 66  1  0 2026-08-16 15:24:35
 1  0 429312 233576   2168 3436420    0    0  4360     3  756  359 32  1 66  1  0 2026-08-16 15:24:45
 1  0 429312 209372   2184 3467320    0    0  3094  4859  768  397 33  1 62  4  0 2026-08-16 15:24:55
 1  0 429312 177632   2200 3491380    0    0  2403     4  729  324 33  1 66  0  0 2026-08-16 15:25:05
 1  0 429312 174104   2216 3499088    0    0   772     4  718  372 33  1 66  0  0 2026-08-16 15:25:15
 1  0 429312 162008   2232 3511224    0    0  1214  3846  726  300 33  1 63  3  0 2026-08-16 15:25:25
 1  0 429312 160244   2248 3518916    0    0   816    18  746  373 33  1 65  0  0 2026-08-16 15:25:35
 2  0 429312 148652   2264 3526936    0    0   798     4  708  337 33  1 66  0  0 2026-08-16 15:25:45
 1  0 429312 145628   2272 3533152    0    0   622     2  702  360 33  1 66  0  0 2026-08-16 15:25:55
 1  0 429312 138620   2428 3538304    0    0   532  4392  731  408 33  1 62  3  0 2026-08-16 15:26:05
 1  0 429312 130556   2444 3545064    0    0   670    20  704  423 33  1 66  0  0 2026-08-16 15:26:15
 1  0 429312 127284   2460 3551428    0    0   619     5  751  711 33  1 65  0  0 2026-08-16 15:26:25
procs -----------memory---------- ---swap-- -----io---- -system-- ------cpu----- -----timestamp-----
 r  b   swpd   free   buff  cache   si   so    bi    bo   in   cs us sy id wa st                 UTC
 1  0 429312 113480   2476 3562436    0    0  1074  7844  912 1173 33  2 58  7  0 2026-08-16 15:26:35
 1  0 429312 107684   2492 3569584    0    0   696    20  881 1529 35  2 62  0  0 2026-08-16 15:26:45
 2  0 429312 158520   2508 3521812    0    0   367     5  822 2012 34  3 63  0  0 2026-08-16 15:26:55
 1  0 429312 154832   2524 3524632    0    0   288 15247  916 2759 36  4 53  7  0 2026-08-16 15:27:05
 1  0 429312 154832   2540 3524732    0    0    10     4  846 2994 34  3 63  0  0 2026-08-16 15:27:15
 1  0 429312 154832   2556 3527876    0    0   314     4 1111 3474 34  4 62  0  0 2026-08-16 15:27:25
 1  0 429312 127992   2572 3552268    0    0  2436 16868 1444 3415 34  4 52 10  0 2026-08-16 15:27:35
 1  0 429312 152952   2588 3527528    0    0  2568     4 1305 3688 35  4 61  0  0 2026-08-16 15:27:45
 1  0 429312 121956   2604 3550388    0    0  2285     4 1426 3570 36  4 59  1  0 2026-08-16 15:27:55
 1  1 429312 121956   2620 3551212    0    0    86  1802 1049 3701 38  4 56  2  0 2026-08-16 15:28:05
 1  0 429312 121732   2636 3551476    0    0    23 14925 1263 3772 35  4 54  7  0 2026-08-16 15:28:15
 1  0 429312 121732   2652 3551532    0    0     6     4 1280 3932 37  4 59  0  0 2026-08-16 15:28:25
 2  0 429312 121732   2668 3551856    0    0    32     4 1162 3924 35  4 61  0  0 2026-08-16 15:28:35
 1  0 429312 124728   2684 3552668    4    0    86 17130 1393 4155 35  5 52  8  0 2026-08-16 15:28:45
 1  0 429312 123720   2700 3553636    0    0   102     8 1111 4506 38  5 57  0  0 2026-08-16 15:28:55
 1  0 429312 122740   2716 3555940    0    0   224     3 1393 4901 38  5 57  0  0 2026-08-16 15:29:05
 1  0 429312 123488   2732 3558064    0    0   212 18667 1653 5221 36  6 51  7  0 2026-08-16 15:29:15
 1  0 429312 117944   2748 3562224    0    0   424     3 2077 5192 35  6 59  1  0 2026-08-16 15:29:25
 2  0 429312 105848   2764 3568976    0    0   667     4 1444 6220 37  6 57  0  0 2026-08-16 15:29:35
 3  0 429312 106600   2780 3569096    0    0    12 21829 1525 6514 36  8 49  7  0 2026-08-16 15:29:45
 4  0 429312 106348   2796 3569096    0    0     0     3 1730 7003 36  7 57  0  0 2026-08-16 15:29:55
procs -----------memory---------- ---swap-- -----io---- -system-- ------cpu----- -----timestamp-----
 r  b   swpd   free   buff  cache   si   so    bi    bo   in   cs us sy id wa st                 UTC
 2  0 429312 106348   2812 3569212    0    0    12     3 1552 7367 36  7 57  0  0 2026-08-16 15:30:05
 1  0 429312 149200   2828 3529860    0    0   825     4 1767 7439 36  8 56  0  0 2026-08-16 15:30:15
 6  1 429312 115912   2844 3558988    0    0  2212 37455 2178 7683 39 10 32 19  0 2026-08-16 15:30:25
 3  0 429312 125512   2860 3554956    0    0  3355 25631 2252 7981 36  9 40 15  0 2026-08-16 15:30:35
 1  0 429312 124824   2876 3548576    0    0  3000 19664 1976 8461 43 10 39  8  0 2026-08-16 15:30:45
 1  0 429312 135328   2892 3541936    0    0  3400 40964 2230 8465 39 11 31 19  0 2026-08-16 15:30:55
 1  0 429312 144460   2908 3529760    0    0  3533 20893 2450 8677 40 11 40  9  0 2026-08-16 15:31:05
 6  0 429312 116584   2924 3557556    0    0  2506 21302 2029 8992 42 11 41  7  0 2026-08-16 15:31:15
 1  0 429312 125812   2932 2770568    0    0   141 38050 1912 5730 42 19 24 15  0 2026-08-16 15:31:25
 1  0 429312 1030308   2948 2627120    0    0   738     4 1850 7929 42 19 39  0  0 2026-08-16 15:31:35
 1  0 429312 772520   2964 2899700    0    0 26902     6 3223 5702 26 12 58  4  0 2026-08-16 15:31:45
 1  0 429312 748580   2980 2911228    0    0  1305     5 1369 1805 32  2 65  0  0 2026-08-16 15:31:55
 1  0 429312 748580   2996 2911228    0    0     0 23414  755  246 34  1 57  8  0 2026-08-16 15:32:05
 1  0 429312 748580   3004 2911228    0    0     0     5  697  261 33  1 66  0  0 2026-08-16 15:32:15
 1  0 429312 748580   3012 2911980    0    0     0     3  686  284 33  1 66  0  0 2026-08-16 15:32:25
 1  0 429312 748580   3028 2911980    0    0     0  1342  701  341 33  1 65  1  0 2026-08-16 15:32:35
 1  0 429312 748580   3044 2911980    0    0     0     4  689  349 33  1 66  0  0 2026-08-16 15:32:45
 1  0 429312 748580   3060 2911980    0    0     0     4  682  329 33  1 66  0  0 2026-08-16 15:32:55
 1  0 429312 748580   3076 2911980    0    0     0  5056  705  341 33  1 63  3  0 2026-08-16 15:33:05
 1  0 429312 748580   3092 2914636    0    0   267     4  726  385 33  1 66  1  0 2026-08-16 15:33:15
 0  1 429312 742784   3108 2937732    0    0  2310     4  787  385 33  1 66  1  0 2026-08-16 15:33:25
procs -----------memory---------- ---swap-- -----io---- -system-- ------cpu----- -----timestamp-----
 r  b   swpd   free   buff  cache   si   so    bi    bo   in   cs us sy id wa st                 UTC
 1  0 429312 738504   3124 2941356    0    0   364  4610  726  362 33  1 62  5  0 2026-08-16 15:33:35
 1  0 429312 734976   3140 2944984    0    0   360     4  708  358 33  1 66  0  0 2026-08-16 15:33:45
 1  0 429312 727920   3156 2949564    0    0   458     3  710  376 33  1 66  0  0 2026-08-16 15:33:55
 0  2 429312 727980   3172 2953124    0    0   343  4704  755  413 33  1 62  4  0 2026-08-16 15:34:05
 1  0 429312 724956   3188 2955768    0    0   264   595  744  385 33  1 64  2  0 2026-08-16 15:34:15
 1  0 429312 717900   3204 2963208    0    0   746     6  722  328 33  1 66  1  0 2026-08-16 15:34:25
 1  0 429312 694716   3212 2986492    0    0  2326     2  756  349 33  1 66  1  0 2026-08-16 15:34:35
 1  0 429312 669772   3228 3007892    0    0  2138  4103  746  323 33  1 62  4  0 2026-08-16 15:34:45
 1  0 429312 639532   3244 3033544    0    0  2565     7  777  363 33  1 66  1  0 2026-08-16 15:34:55
 1  0 429312 638524   3260 3038504    0    0   406     4  734  356 33  1 66  0  0 2026-08-16 15:35:05
 1  0 429312 638020   3276 3042460    0    0   393  4058  735  388 33  1 63  4  0 2026-08-16 15:35:15
 1  0 429312 632980   3292 3047208    0    0   395     4  709  370 33  1 66  0  0 2026-08-16 15:35:25
 1  0 429312 610804   3308 3063816    0    0  1655     3  752  420 33  1 66  0  0 2026-08-16 15:35:35
 1  0 429312 578800   3324 3096356    0    0  3252  5925  842  702 32  2 61  5  0 2026-08-16 15:35:45
 1  0 429312 544528   3340 3127016    0    0  3057     4  824 1039 35  2 63  1  0 2026-08-16 15:35:55
 1  0 429312 520336   3356 3154888    0    0  2802     3  920 1411 35  4 59  2  0 2026-08-16 15:36:05
 1  0 429312 480352   3372 3186052    0    0  3115 14530 1018 1985 34  3 53 10  0 2026-08-16 15:36:15
 2  0 429312 453640   3388 3217260    0    0  3090     3  986 2550 33  3 63  1  0 2026-08-16 15:36:25
 1  0 429312 416344   3404 3247092    0    0  2959     4 1064 2918 35  4 61  0  0 2026-08-16 15:36:35
 1  0 429312 392152   3420 3278492    0    0  3116     3 1101 3205 34  4 60  1  0 2026-08-16 15:36:45
 0  1 429312 357944   3436 3307364    0    0  2859 16102 1380 3195 34  4 52  9  0 2026-08-16 15:36:55
procs -----------memory---------- ---swap-- -----io---- -system-- ------cpu----- -----timestamp-----
 r  b   swpd   free   buff  cache   si   so    bi    bo   in   cs us sy id wa st                 UTC
 1  0 429312 335768   3452 3331632    0    0  2408     3 1136 3464 38  4 56  2  0 2026-08-16 15:37:05
 1  0 429312 303512   3468 3359312    0    0  2744     4 1131 3624 39  4 57  0  0 2026-08-16 15:37:15
 1  0 429312 271032   3484 3395628    2    0  3620 17014 1328 3691 34  5 53  7  0 2026-08-16 15:37:25
 1  0 429312 234996   3500 3429432    0    0  3376     3 1160 3856 36  4 60  0  0 2026-08-16 15:37:35
 1  0 429312 207780   3516 3461480    0    0  3189     3 1395 3603 36  4 59  1  0 2026-08-16 15:37:45
 1  0 429312 173508   3532 3491416    0    0  2990 17002 1365 3716 39  5 49  8  0 2026-08-16 15:37:55
 1  0 429312 139488   3548 3528376    0    0  3686     3 1284 4101 36  4 58  1  0 2026-08-16 15:38:05
 1  0 429312 107232   3564 3562516    0    0  3410     3 1516 4377 37  5 58  0  0 2026-08-16 15:38:15
 2  1 429312 109912   3580 3560768    0    0  1686  7861 1754 4695 39  5 53  3  0 2026-08-16 15:38:25
 1  0 429312 111296   3596 3562664    0    0   185 11130 1548 5077 38  6 52  4  0 2026-08-16 15:38:35
 1  0 429312 110792   3612 3565308    0    0   264     3 1501 5404 39  5 55  1  0 2026-08-16 15:38:45
 1  0 429312 137768   3628 3544104    0    0   490     3 1658 6291 38  6 56  0  0 2026-08-16 15:38:55
 1  0 429312 137940   3644 3544752    0    0    48 20351 1341 6214 40  7 45  8  0 2026-08-16 15:39:05
 1  0 429312 136932   3660 3545068    0    0    32     4 1934 6992 42  8 50  0  0 2026-08-16 15:39:15
 1  0 429312 134160   3676 3545912    0    0    63     3 1891 7497 43  8 50  0  0 2026-08-16 15:39:25
 1  0 429312 130660   3692 3548128    0    0   205 24579 1940 7634 40  8 46  6  0 2026-08-16 15:39:35
 2  0 429312 117164   3708 3561320    0    0  1302 18810 2041 7907 41  9 40 10  0 2026-08-16 15:39:45
 3  0 429312 112620   3724 3560440    0    0  2544     4 2048 8213 46 10 43  0  0 2026-08-16 15:39:55
 3  0 429312 115492   3740 3560104    0    0  2916     3 2192 8548 44 10 45  1  0 2026-08-16 15:40:05
 2  0 429312 112852   3756 3565544    0    0  3616 26218 2226 8609 42 10 39  9  0 2026-08-16 15:40:15
 6  0 429312 116508   3772 3559988    0    0  3639 20893 2289 8896 39 10 38 13  0 2026-08-16 15:40:25
procs -----------memory---------- ---swap-- -----io---- -system-- ------cpu----- -----timestamp-----
 r  b   swpd   free   buff  cache   si   so    bi    bo   in   cs us sy id wa st                 UTC
 3  1 429312 107316   3780 3567516    0    0  2770 41610 2550 8956 45 12 30 13  0 2026-08-16 15:40:35
 1  0 429312 108464   3796 3568620    0    0   101 23522 2104 9259 43 12 37  9  0 2026-08-16 15:40:45
 1  1 429312 104804   3812 3581768    0    0  3413 23989 3045 8753 37  9 41 12  0 2026-08-16 15:40:55
 1  0 429312 120628   3828 3555776    1    0 19754 11912 2796 4441 30  8 52 11  0 2026-08-16 15:41:05
 1  0 430080 174836   3772 3505892    0   96 26772   104 1360  835 24 10 61  5  0 2026-08-16 15:41:15
 1  0 435968 134900   2132 3553888    3  780  9860 48720 1359  751 25 11 41 23  0 2026-08-16 15:41:25
 2  0 436480 126760   1128 2746400    1   83  2713    90 1074  529 30 15 53  2  0 2026-08-16 15:41:35
 0  1 436480 469096   1208 3195552    1    0 33641 45308 1886 1102 13 20 41 26  0 2026-08-16 15:41:45
 1  1 436480 132516   1292 3537020    0    0 56087 88924 2483 1289 12 21 31 35  0 2026-08-16 15:41:55
 0  1 436480 1121220   1332 2554356    0    0 16188 122503 2967 1689 11 13 25 51  0 2026-08-16 15:42:05
 1  0 436480 1020912   1632 2681168    0    0 12708 14539 2399 1355 19 13 50 19  0 2026-08-16 15:42:15
 1  0 436480 1020688   1640 2681372    0    0    17     9  834  292 23 12 66  0  0 2026-08-16 15:42:25
 1  0 436480 1020464   1648 2681388    0    0     2     2  837  290 23 12 65  0  0 2026-08-16 15:42:35
 1  0 436480 1020240   1656 2681388    0    0     0     2  836  289 23 12 66  0  0 2026-08-16 15:42:45
 1  0 436480 1020240   1664 2681388    0    0     0     2  835  290 22 12 66  0  0 2026-08-16 15:42:55
 1  0 436480 1020240   1672 2681388    0    0     0     2  848  297 23 11 65  0  0 2026-08-16 15:43:05
 1  0 436480 1020016   1680 2681388    0    0     0     2  844  301 23 12 66  0  0 2026-08-16 15:43:15
 1  0 436480 1019792   1688 2681388    0    0     0     2  825  282 23 12 65  0  0 2026-08-16 15:43:25
 1  0 436480 1019792   1696 2681388    0    0     0     2  828  285 23 11 66  0  0 2026-08-16 15:43:35
 1  0 436480 1019792   1704 2681388    0    0     0     2  828  285 23 12 65  0  0 2026-08-16 15:43:45
 2  0 436480 1019568   1712 2681388    0    0     0     2  823  284 23 12 66  0  0 2026-08-16 15:43:55
procs -----------memory---------- ---swap-- -----io---- -system-- ------cpu----- -----timestamp-----
 r  b   swpd   free   buff  cache   si   so    bi    bo   in   cs us sy id wa st                 UTC
 2  0 436480 1020644   1720 2681388    0    0     0     2  825  287 23 11 66  0  0 2026-08-16 15:44:05
 1  0 436480 1020636   1728 2681388    0    0     0     2  818  286 23 12 65  0  0 2026-08-16 15:44:15
 1  0 436480 1017388   1752 2681920    0    0    54     4  837  298 23 12 65  0  0 2026-08-16 15:44:25
 1  0 436480 984404   1768 2694364    0    0  1236    18  875  366 23 12 63  1  0 2026-08-16 15:44:35
 1  0 436480 986392   1780 2694364    0    0     0     4  824  284 23 11 66  0  0 2026-08-16 15:44:45
 1  0 436480 986392   1788 2694364    0    0     0     4  823  282 23 12 65  0  0 2026-08-16 15:44:55
 1  0 436480 986392   1796 2694364    0    0     0    42  825  295 23 12 65  0  0 2026-08-16 15:45:05
 1  0 436480 986392   1804 2694364    0    0     0     2  828  289 22 12 66  0  0 2026-08-16 15:45:15
 1  0 436480 986392   1812 2694364    0    0     0     2  822  280 23 11 66  0  0 2026-08-16 15:45:25
 1  0 436480 986392   1820 2694364    0    0     0     3  825  282 23 12 66  0  0 2026-08-16 15:45:35
 1  0 436480 986392   1828 2694364    0    0     0     2  819  279 23 11 66  0  0 2026-08-16 15:45:45
 1  0 436480 986392   1836 2694364    0    0     0     2  818  282 22 12 66  0  0 2026-08-16 15:45:55
 1  0 436480 986392   1844 2694364    1    0     1     2  835  302 23 12 65  0  0 2026-08-16 15:46:05
 1  0 436480 986392   1852 2694364    0    0     0     2  838  292 22 12 66  0  0 2026-08-16 15:46:15
 1  0 436480 986392   1860 2694364    0    0     0     2  839  290 23 11 66  0  0 2026-08-16 15:46:25
 1  0 436480 986392   1868 2694364    0    0     0     2  829  286 23 12 65  0  0 2026-08-16 15:46:35
 1  0 436480 985324   1876 2694364    0    0     0     2  837  289 23 11 66  0  0 2026-08-16 15:46:45
 1  0 436480 985324   1884 2694364    0    0     0     2  833  290 23 11 66  0  0 2026-08-16 15:46:55
 1  0 436480 985324   1892 2694364    0    0     0     2  832  293 23 11 66  0  0 2026-08-16 15:47:05
 1  0 436480 985324   1904 2694368    0    0     0     3  849  311 23 12 66  0  0 2026-08-16 15:47:15
 1  0 436480 985324   1912 2694368    0    0     0     3  830  286 23 12 66  0  0 2026-08-16 15:47:25
procs -----------memory---------- ---swap-- -----io---- -system-- ------cpu----- -----timestamp-----
 r  b   swpd   free   buff  cache   si   so    bi    bo   in   cs us sy id wa st                 UTC
 1  0 436480 985324   1920 2694368    0    0     0     4  832  284 23 12 66  0  0 2026-08-16 15:47:35
 1  0 436480 985324   1928 2694368    0    0     0    14  839  292 23 12 66  0  0 2026-08-16 15:47:45
 2  0 436480 985324   1936 2694752    0    0    19     4  834  297 23 12 65  0  0 2026-08-16 15:47:55
 1  0 436480 985324   1944 2694752    0    0     0     1  834  300 22 12 66  0  0 2026-08-16 15:48:05
 1  0 436480 985324   1952 2694752    0    0     0     1  825  287 22 12 66  0  0 2026-08-16 15:48:15
 1  0 436480 985324   1960 2694752    0    0     0     1  844  289 23 12 65  0  0 2026-08-16 15:48:25
 1  0 436480 985324   1968 2694752    0    0     0     2  831  287 23 11 66  0  0 2026-08-16 15:48:35
 1  0 436480 1210368   1976 2465504    1    0  7145     1  957  430 23 11 64  1  0 2026-08-16 15:48:45
 0  1 436480 598332   2004 3070772    0    0 34786  9033 1631 1009 25  6 57 12  0 2026-08-16 15:48:55
 1  0 436480 145660   2040 3520436    0    0 32482 24430 1731 1062 25  7 51 17  0 2026-08-16 15:49:05
10  1 436480 131216   2084 3551576    0    0 23032 26572 1383  740 25  8 51 16  0 2026-08-16 15:49:15
 0  2 436480 126904   2148 3552308    0    0 37890 172644 2131  802 16 20  8 56  0 2026-08-16 15:49:25
 9  0 436480 1179684   2160 2500532    0    0  4753 81124 1417  447 21 16 36 27  0 2026-08-16 15:49:35
 1  0 436480 1179684   2168 2500532    0    0     0  1422  838  286 23 12 65  0  0 2026-08-16 15:49:45
 1  0 436480 1179684   2176 2500532    0    0     0     1  844  291 23 12 65  0  0 2026-08-16 15:49:55
 1  0 436480 1179684   2184 2500532    0    0     0     2  834  288 23 12 65  0  0 2026-08-16 15:50:05
 1  0 436480 1179684   2192 2500532    0    0     0     6  827  284 22 12 66  0  0 2026-08-16 15:50:15
 1  0 436480 1177672   2208 2500532    0    0     0     3  850  307 23 12 65  0  0 2026-08-16 15:50:25
 1  0 436480 1177672   2216 2500532    0    0     0    16  867  293 22 11 64  0  2 2026-08-16 15:50:35
 1  0 436480 1177672   2224 2500532    0    0     0     2  824  281 23 11 66  0  0 2026-08-16 15:50:45
 1  0 436480 1177672   2232 2500532    0    0     0     2  820  280 23 11 66  0  0 2026-08-16 15:50:55
procs -----------memory---------- ---swap-- -----io---- -system-- ------cpu----- -----timestamp-----
 r  b   swpd   free   buff  cache   si   so    bi    bo   in   cs us sy id wa st                 UTC
 1  0 436480 1176664   2240 2501556    1    0    77     2  844  305 23 12 65  0  0 2026-08-16 15:51:05
 1  0 436480 1176664   2248 2501556    0    0     0     2  825  283 23 11 66  0  0 2026-08-16 15:51:15
 1  0 436480 1176664   2256 2501556    0    0     0     2  837  292 23 11 66  0  0 2026-08-16 15:51:25
 1  0 436480 1176664   2264 2501556    0    0     0    15  835  291 23 11 66  0  0 2026-08-16 15:51:35
 1  0 436480 339384   2272 2501556    0    0     0     2 1002  417 27 15 58  0  0 2026-08-16 15:51:45
 1  0 438016 1848352    764 1834348    0  155     0   157 1252  764 30 24 47  0  0 2026-08-16 15:51:55
 1  0 438016 1848352    772 1834348    0    0     0     2  831  292 23 12 65  0  0 2026-08-16 15:52:05
 1  0 438016 1848352    780 1834348    0    0     0     2  825  288 23 12 66  0  0 2026-08-16 15:52:15
 2  0 438016 1848352    788 1834348   13    0    13     2  826  287 23 12 64  1  0 2026-08-16 15:52:25
 1  0 438016 1848352    796 1834348    0    0     0     2  828  287 23 12 65  0  0 2026-08-16 15:52:35
 1  0 438016 1848128    804 1834348    0    0     0     2  839  288 22 12 66  0  0 2026-08-16 15:52:45
 1  0 438016 1848128    812 1834348    0    0     0     2  826  283 23 11 66  0  0 2026-08-16 15:52:55
 2  0 438016 1848128    820 1834388    2    0     4     2  831  296 23 12 65  0  0 2026-08-16 15:53:05
 2  0 438016 1848128    828 1834392    0    0     0     3  823  285 23 11 66  0  0 2026-08-16 15:53:15
 1  0 438016 1848128    836 1834392    0    0     0     4  831  284 23 11 66  0  0 2026-08-16 15:53:25
 1  0 438016 1848128    844 1834392    0    0     0     2  826  286 22 12 66  0  0 2026-08-16 15:53:35
 1  0 438016 1848128    852 1834392    0    0     0     2  828  283 23 12 65  0  0 2026-08-16 15:53:45
 1  0 438016 1848128    860 1834392    0    0     0     2  839  289 23 11 66  0  0 2026-08-16 15:53:55
 1  0 438016 1848840    868 1834392    0    0     0     2  841  302 22 12 65  0  0 2026-08-16 15:54:05
 1  0 438016 1848840    876 1834392    0    0     0     2  831  287 23 11 66  0  0 2026-08-16 15:54:15
 1  0 438016 1848840    884 1834392    0    0     0     2  836  290 23 11 66  0  0 2026-08-16 15:54:25
procs -----------memory---------- ---swap-- -----io---- -system-- ------cpu----- -----timestamp-----
 r  b   swpd   free   buff  cache   si   so    bi    bo   in   cs us sy id wa st                 UTC
 1  0 438016 1848840    892 1834392    0    0     0     2  832  288 23 11 66  0  0 2026-08-16 15:54:35
 1  0 438016 1848840    900 1834392    0    0     0     2  833  286 23 11 66  0  0 2026-08-16 15:54:45
 1  0 438016 1833220    908 1847284    3    0  1259    40  893  363 23 12 63  2  0 2026-08-16 15:54:55
 1  0 438016 1833220    916 1847284    0    0     0     6  834  300 23 11 66  0  0 2026-08-16 15:55:05
 1  0 438016 1833220    924 1847284    0    0     0     2  837  296 23 11 66  0  0 2026-08-16 15:55:15
 1  0 438016 1833220    940 1847284    0    0     0     3  845  291 23 12 66  0  0 2026-08-16 15:55:25
 1  0 438016 1833220    948 1847284    0    0     0     2  829  286 23 12 65  0  0 2026-08-16 15:55:35
 1  0 438016 1833220    956 1847284    0    0     0     2  825  283 23 11 66  0  0 2026-08-16 15:55:45
 1  0 438016 1833220    964 1847284    0    0     0     2  836  291 22 12 66  0  0 2026-08-16 15:55:55
 2  0 438016 1833220    972 1847284    0    0     0     2  846  306 23 11 66  0  0 2026-08-16 15:56:05
 1  0 438016 1833220    980 1847284    0    0     0     2  814  281 23 11 66  0  0 2026-08-16 15:56:15
 2  0 438016 1592076    992 2094460    0    0 29998  9020 1515  892 19 13 57 11  0 2026-08-16 15:56:25
 1  0 438016 1123872   1008 2544688    1    0 25495 14751 1481  847 21 12 53 14  0 2026-08-16 15:56:35
 1  0 438016 616104   1024 3046488    1    0 31430     8 1429  802 19 13 62  6  0 2026-08-16 15:56:45
 1  0 438016 111000   1044 3572008    0   17 36920 48477 1677  803 20 14 37 29  0 2026-08-16 15:56:55
 1  1 438016 115348   1048 3558408    0    0 51891 132578 1855  623 20 22 11 47  0 2026-08-16 15:57:05
 1  0 438016 1128840   1068 2566388    0    0 15549 114480 1405  408 20 19 28 34  0 2026-08-16 15:57:15
 1  0 438016 1128084   1080 2566388    0    0     0    38  854  312 23 11 65  0  0 2026-08-16 15:57:25
 1  0 438016 1128084   1088 2566388    0    0     0     2  835  287 23 11 66  0  0 2026-08-16 15:57:35
 1  0 438016 1128084   1096 2566388    0    0     0     2  842  288 23 12 65  0  0 2026-08-16 15:57:45
 1  0 438016 1128084   1104 2566388    0    0     0     2  836  289 23 11 65  0  0 2026-08-16 15:57:55
procs -----------memory---------- ---swap-- -----io---- -system-- ------cpu----- -----timestamp-----
 r  b   swpd   free   buff  cache   si   so    bi    bo   in   cs us sy id wa st                 UTC
 1  0 438016 1128084   1112 2566388    0    0     0     2  853  310 23 12 66  0  0 2026-08-16 15:58:05
 1  0 438016 1128084   1120 2566388    0    0     0     2  837  290 23 11 65  0  0 2026-08-16 15:58:15
 1  0 438016 1128084   1128 2566388    0    0     0     2  824  281 23 11 66  0  0 2026-08-16 15:58:25
 1  0 438016 1128084   1136 2566388    0    0     0     2  827  284 23 11 65  0  0 2026-08-16 15:58:35
 1  0 438016 1128084   1144 2566388    0    0     0     2  824  282 23 11 66  0  0 2026-08-16 15:58:45
 1  0 438016 1128084   1152 2566388    0    0     0     2  822  282 23 12 66  0  0 2026-08-16 15:58:55
 1  0 438016 1128084   1160 2566388    0    0     0     2  844  300 23 12 65  0  0 2026-08-16 15:59:05
 1  0 438016 1128084   1168 2566392    0    0     0     3  838  294 23 12 66  0  0 2026-08-16 15:59:15
 1  0 438016 1128272   1196 2566744   20    0    56    20  859  308 23 12 65  0  0 2026-08-16 15:59:25
 1  0 438016 1128272   1204 2566752    0    0     0     2  836  287 23 11 66  0  0 2026-08-16 15:59:35
 1  0 438016 1128272   1212 2566752    0    0     0     2  828  281 23 11 65  0  0 2026-08-16 15:59:45
 1  0 438016 1128048   1220 2566752    0    0     0     2  827  286 23 12 66  0  0 2026-08-16 15:59:55
 1  0 438016 1128048   1228 2566752    0    0     0     3  831  292 23 12 66  0  0 2026-08-16 16:00:05
 1  0 438016 1127796   1236 2566752    0    0     0     2  815  283 23 11 66  0  0 2026-08-16 16:00:15
 1  0 438016 1127796   1244 2566752    0    0     0     2  821  280 23 11 65  0  0 2026-08-16 16:00:25
 1  0 438016 1127796   1252 2566752    0    0     0     2  824  283 23 11 66  0  0 2026-08-16 16:00:35
 1  0 438016 1127796   1260 2566752    0    0     0     2  818  278 24 11 66  0  0 2026-08-16 16:00:45
 1  0 438016 1127796   1268 2566752    0    0     0     2  815  278 22 12 66  0  0 2026-08-16 16:00:55
 1  0 438016 1127796   1276 2566752    0    0     0     2  828  289 23 12 65  0  0 2026-08-16 16:01:05
 1  0 438016 1127796   1284 2566752    0    0     0     2  815  278 22 13 66  0  0 2026-08-16 16:01:15
 1  0 438016 1125912   1292 2566908    0    0    16     2  842  297 23 12 65  0  0 2026-08-16 16:01:25
procs -----------memory---------- ---swap-- -----io---- -system-- ------cpu----- -----timestamp-----
 r  b   swpd   free   buff  cache   si   so    bi    bo   in   cs us sy id wa st                 UTC
 1  0 438016 1125912   1300 2566908    0    0     0    18  838  294 23 11 65  0  0 2026-08-16 16:01:35
 1  0 438016 1125912   1308 2566908    0    0     0     2  825  280 23 12 65  0  0 2026-08-16 16:01:45
 1  0 438016 583896   1316 2566908    0    0     0     2  952  373 26 13 60  0  0 2026-08-16 16:01:55
 2  0 438016 1795600   1324 1870064    0    0     0     2 1321  795 32 27 41  0  0 2026-08-16 16:02:05
 1  0 438016 1800332   1332 1870064    0    0     0     2  851  299 23 13 64  0  0 2026-08-16 16:02:15
 1  0 438016 1800080   1340 1870064    0    0     0     2  836  288 22 12 66  0  0 2026-08-16 16:02:25
 1  0 438016 1800080   1348 1870064    0    0     0     2  832  287 23 12 66  0  0 2026-08-16 16:02:35
 1  0 438016 1800080   1356 1870064    0    0     0     2  824  282 22 12 66  0  0 2026-08-16 16:02:45
 1  0 438016 1800080   1364 1870064    0    0     0     2  830  294 23 12 65  0  0 2026-08-16 16:02:55
 1  0 438016 1799828   1372 1870064    0    0     0     2  845  306 24 11 65  0  0 2026-08-16 16:03:05
 1  0 438016 1799828   1380 1870064    0    0     0     2  833  289 23 11 66  0  0 2026-08-16 16:03:15
 1  0 438016 1799828   1388 1870064    0    0     0     2  829  283 24 11 65  0  0 2026-08-16 16:03:25
 1  0 438016 1799828   1396 1870064    0    0     0     2  844  290 23 11 66  0  0 2026-08-16 16:03:35
 1  0 438016 1799828   1404 1870064    0    0     0     2  848  291 23 11 66  0  0 2026-08-16 16:03:45
 1  0 438016 1799828   1412 1870064    0    0     0     2  818  280 23 11 66  0  0 2026-08-16 16:03:55
